<k>
    Set ( 0 ) #== Set ( 1 ) ~> Set ( 1 ) == Set ( 0 ) ~> addFunClause ( Fun ( 
      "y" ) , Fun ( "y" ) , Name ( "x" ) ) ~> unifyConf ~> killMgu ~> 
      cleanMetas ~> loadCtx ~> .List{""} ~> .List{""} ~> .List{""} ~> nf ( Fun
       ( "t1" ) )
</k>
<dbg>
    0
</dbg>
<mgu>
    subst(.KList)
</mgu>
<ctxstack>
    ListItem(#map ( .Map ))
</ctxstack>
<sig>
    Name ( "x" ) |-> Set ( 0 )
    Fun ( "y" ) |-> Set ( 1 )
</sig>
<ctx>
    .Map
</ctx>
<meta>
    .Map
</meta>
<ncat>
    Name ( "y" ) |-> Fun ( "y" )
</ncat>
<fun>
    .Map
</fun>
