<k>
    whnf ( Fun ( "t1" ) ) ~> nf ( HOLE )
</k>
<dbg>
    0
</dbg>
<mgu>
    subst(.KList)
</mgu>
<ctxstack>
    .List
</ctxstack>
<sig>
    Name ( "b" ) |-> (Postlt ( "B" ) Name ( "a" ))
    Fun ( "960&0" ) |-> ( #symVariable(11) : Data ( "AB" ) ) -> Name ( "A" )
    Fun ( "960&1" ) |-> ( #symVariable(36) : Data ( "AB" ) ) -> (Name ( "B" ) 
      (Fun ( "960&0" ) #symVariable(36)))
    Fun ( "a'" ) |-> Postlt ( "A" )
    Fun ( "ab" ) |-> Data ( "AB" )
    Fun ( "b'" ) |-> (Postlt ( "B" ) Fun ( "a'" ))
    Data ( "AB" ) |-> Set ( 0 )
    Con ( "p" ) |-> ( #symVariable(10) : Name ( "A" ) ) -> ( #symVariable(9) :
       (Name ( "B" ) #symVariable(10)) ) -> Data ( "AB" )
    Postlt ( "A" ) |-> Set ( 0 )
    Postlt ( "B" ) |-> ( #symVariable(4) : Name ( "A" ) ) -> Set ( 0 )
    Postlt ( "a" ) |-> Postlt ( "A" )
    Postlt ( "ab'" ) |-> Data ( "AB" )
</sig>
<ctx>
    .Map
</ctx>
<meta>
    .Map
</meta>
<ncat>
    Name ( "960&0" ) |-> Fun ( "960&0" )
    Name ( "960&1" ) |-> Fun ( "960&1" )
    Name ( "A" ) |-> Postlt ( "A" )
    Name ( "AB" ) |-> Data ( "AB" )
    Name ( "B" ) |-> Postlt ( "B" )
    Name ( "a" ) |-> Postlt ( "a" )
    Name ( "a'" ) |-> Fun ( "a'" )
    Name ( "ab" ) |-> Fun ( "ab" )
    Name ( "ab'" ) |-> Postlt ( "ab'" )
    Name ( "b'" ) |-> Fun ( "b'" )
    Name ( "p" ) |-> Con ( "p" )
</ncat>
<fun>
    Fun ( "960&0" ) |-> 'fc((#symFunClauses(27) ((Con ( "p" ) Var ( "a" )) Var
       ( "b" ))) = Var ( "a" ))
    Fun ( "960&1" ) |-> 'fc((#symFunClauses(232) ((Con ( "p" ) Var ( "a" )) 
      Var ( "b" ))) = Var ( "b" ))
    Fun ( "a'" ) |-> (Fun ( "960&0" ) Name ( "ab'" ))
    Fun ( "ab" ) |-> ((Con ( "p" ) Postlt ( "a" )) Name ( "b" ))
    Fun ( "b'" ) |-> (Fun ( "960&1" ) Postlt ( "ab'" ))
</fun>
