<k>
    .K
</k>
<mgu>
    subst(.KList)
</mgu>
<ctxstack>
    .List
</ctxstack>
<sig>
    Fun ( "f" ) |-> ( #symVariable(21) : (Name ( "P" ) Fun ( "g" )) ) -> (Name
       ( "P" ) Fun ( "g'" ))
    Fun ( "g" ) |-> ( Var ( "x" ) : Name ( "A" ) ) -> Name ( "A" )
    Fun ( "g'" ) |-> ( Var ( "x" ) : Postulate ( "A" ) ) -> Postulate ( "A" )
    'Postulate("A") |-> Set ( 0 )
    'Postulate("P") |-> ( #symVariable(17) : ( Var ( "x" ) : Postulate ( "A" )
       ) -> Postulate ( "A" ) ) -> Set ( 0 )
</sig>
<con>
    .Map
</con>
<ctx>
    .Map
</ctx>
<meta>
    .Map
</meta>
<ncat>
    Name ( "A" ) |-> 'Postulate("A")
    Name ( "P" ) |-> 'Postulate("P")
    Name ( "f" ) |-> Fun ( "f" )
    Name ( "g" ) |-> Fun ( "g" )
    Name ( "g'" ) |-> Fun ( "g'" )
</ncat>
<fun>
    Fun ( "f" ) |-> \ ( Var ( "x" ) : #symExpr(24) ) -> Var ( "x" )
    Fun ( "g" ) |-> \ ( Var ( "x" ) : Postulate ( "A" ) ) -> Var ( "x" )
    Fun ( "g'" ) |-> \ ( Var ( "x" ) : Postulate ( "A" ) ) -> Var ( "x" )
</fun>
