<k>
    whnf ( Fun ( "t1" ) ) ~> nf ( HOLE )
</k>
<dbg>
    0
</dbg>
<mgu>
    subst(.KList)
</mgu>
<ctxstack>
    .List
</ctxstack>
<fenv-stack>
    .List
</fenv-stack>
<sig>
    Fun ( "id8" ) |-> { Var ( "A" ) : Set ( 0 ) } -> ( Var ( "x" ) : Var ( "A"
       ) ) -> Var ( "A" )
</sig>
<ctx>
    .Map
</ctx>
<meta>
    .Map
</meta>
<fenv>
    .Map
</fenv>
<ncat>
    Name ( "id8" ) |-> Fun ( "id8" )
</ncat>
<fun>
    Fun ( "id8" ) |-> 'FunClauses((#symFunClauses(20) { #symExpr(2) }) = (\ { 
      Var ( "A" ) : #symExpr(16) } -> \ ( Var ( "x" ) : #symExpr(10) ) -> Var 
      ( "x" ) { #symExpr(13) }))
</fun>
