<k>
    whnf ( Fun ( "t1" ) ) ~> nf ( HOLE )
</k>
<dbg>
    0
</dbg>
<mgu>
    subst(.KList)
</mgu>
<ctxstack>
    .List
</ctxstack>
<sig>
    Fun ( "<_>" ) |-> { #symVariable(1635) : Set ( 0 ) } -> ( #symVariable(
      1634) : #symVariable(1635) ) -> ((Data ( "Vec" ) #symVariable(1635)) (
      Con ( "suc" ) Con ( "zero" )))
    Fun ( "_*_" ) |-> ( #symVariable(112) : Data ( "8469" ) ) -> ( 
      #symVariable(113) : Data ( "8469" ) ) -> Data ( "8469" )
    Fun ( "_++_" ) |-> { #symVariable(1744) : #symExpr(2232) } -> { 
      #symVariable(1743) : #symExpr(2245) } -> { #symVariable(1745) : Set ( 0 
      ) } -> ( #symVariable(1741) : ((Data ( "Vec" ) #symVariable(1745)) 
      #symVariable(1744)) ) -> ( #symVariable(1742) : ((Data ( "Vec" ) 
      #symVariable(1745)) #symVariable(1743)) ) -> ((Data ( "Vec" ) 
      #symVariable(1745)) ((Fun ( "_+_" ) #symVariable(1744)) #symVariable(
      1743)))
    Fun ( "_+_" ) |-> ( #symVariable(69) : Data ( "8469" ) ) -> ( #symVariable
      (70) : Data ( "8469" ) ) -> Data ( "8469" )
    Fun ( "_,0691_" ) |-> { #symVariable(5652) : #symExpr(5856) } -> { 
      #symVariable(5653) : Set ( 0 ) } -> ( #symVariable(5650) : ((Data ( 
      "Vec" ) #symVariable(5653)) #symVariable(5652)) ) -> ( #symVariable(5651
      ) : #symVariable(5653) ) -> ((Data ( "Vec" ) #symVariable(5653)) (Con ( 
      "suc" ) #symVariable(5652)))
    Fun ( "_8859_" ) |-> { #symVariable(3176) : #symExpr(4347) } -> { 
      #symVariable(3175) : Data ( "8469" ) } -> { #symVariable(3178) : Set ( 0
       ) } -> { #symVariable(3177) : Set ( 0 ) } -> ( #symVariable(3172) : ((
      Data ( "Vec" ) ( #symVariable(3174) : #symVariable(3178) ) -> 
      #symVariable(3177)) #symVariable(3175)) ) -> ( #symVariable(3173) : ((
      Data ( "Vec" ) #symVariable(3178)) #symVariable(3175)) ) -> ((Data ( 
      "Vec" ) #symVariable(3177)) #symVariable(3175))
    Fun ( "_[_]8788_" ) |-> { #symVariable(6228) : #symExpr(6645) } -> { 
      #symVariable(6227) : Data ( "8469" ) } -> { #symVariable(6229) : Set ( 0
       ) } -> ( #symVariable(6224) : ((Data ( "Vec" ) #symVariable(6229)) 
      #symVariable(6227)) ) -> ( #symVariable(6225) : (Data ( "Fin" ) 
      #symVariable(6227)) ) -> ( #symVariable(6226) : #symVariable(6229) ) -> 
      ((Data ( "Vec" ) #symVariable(6229)) #symVariable(6227))
    Fun ( "foldl" ) |-> { #symVariable(264) : #symExpr(627) } -> { 
      #symVariable(263) : #symExpr(655) } -> { #symVariable(266) : Set ( 0 ) }
       -> ( #symVariable(265) : ( #symVariable(260) : Data ( "8469" ) ) -> Set
       ( 0 ) ) -> { #symVariable(262) : #symExpr(737) } -> ( #symVariable(255)
       : { #symVariable(261) : #symExpr(757) } -> ( #symVariable(258) : (
      #symVariable(265) #symVariable(261)) ) -> ( #symVariable(259) : 
      #symVariable(266) ) -> (#symVariable(265) (Con ( "suc" ) #symVariable(
      261))) ) -> ( #symVariable(256) : (#symVariable(265) Con ( "zero" )) ) 
      -> ( #symVariable(257) : ((Data ( "Vec" ) #symVariable(266)) 
      #symVariable(262)) ) -> (#symVariable(265) #symVariable(262))
    Fun ( "foldr" ) |-> { #symVariable(4628) : #symExpr(4995) } -> { 
      #symVariable(4627) : #symExpr(5016) } -> { #symVariable(4630) : Set ( 0 
      ) } -> ( #symVariable(4629) : ( #symVariable(4624) : Data ( "8469" ) ) 
      -> Set ( 0 ) ) -> { #symVariable(4626) : #symExpr(5077) } -> ( 
      #symVariable(4619) : { #symVariable(4625) : #symExpr(4962) } -> ( 
      #symVariable(4620) : #symVariable(4630) ) -> ( #symVariable(4621) : (
      #symVariable(4629) #symVariable(4625)) ) -> (#symVariable(4629) (Con ( 
      "suc" ) #symVariable(4625))) ) -> ( #symVariable(4622) : (#symVariable(
      4629) Con ( "zero" )) ) -> ( #symVariable(4623) : ((Data ( "Vec" ) 
      #symVariable(4630)) #symVariable(4626)) ) -> (#symVariable(4629) 
      #symVariable(4626))
    Fun ( "foldr8321" ) |-> { #symVariable(5129) : Set ( 0 ) } -> { 
      #symVariable(5128) : #symExpr(5366) } -> ( #symVariable(5124) : ( 
      #symVariable(5126) : #symVariable(5129) ) -> ( #symVariable(5127) : 
      #symVariable(5129) ) -> #symVariable(5129) ) -> ( #symVariable(5125) : (
      (Data ( "Vec" ) #symVariable(5129)) (Con ( "suc" ) #symVariable(5128))) 
      ) -> #symVariable(5129)
    Fun ( "head" ) |-> { #symVariable(1406) : #symExpr(1448) } -> { 
      #symVariable(1407) : Set ( 0 ) } -> ( #symVariable(1405) : ((Data ( 
      "Vec" ) #symVariable(1407)) (Con ( "suc" ) #symVariable(1406))) ) -> 
      #symVariable(1407)
    Fun ( "lookup" ) |-> { #symVariable(5907) : #symExpr(6153) } -> { 
      #symVariable(5906) : #symExpr(6166) } -> { #symVariable(5908) : Set ( 0 
      ) } -> ( #symVariable(5904) : (Data ( "Fin" ) #symVariable(5906)) ) -> (
       #symVariable(5905) : ((Data ( "Vec" ) #symVariable(5908)) #symVariable(
      5906)) ) -> #symVariable(5908)
    Fun ( "map" ) |-> { #symVariable(3809) : #symExpr(3827) } -> { 
      #symVariable(3811) : Set ( 0 ) } -> { #symVariable(3810) : Set ( 0 ) } 
      -> ( #symVariable(3806) : ( #symVariable(3808) : #symVariable(3811) ) ->
       #symVariable(3810) ) -> ( #symVariable(3807) : ((Data ( "Vec" ) 
      #symVariable(3811)) #symVariable(3809)) ) -> ((Data ( "Vec" ) 
      #symVariable(3810)) #symVariable(3809))
    Fun ( "replicate" ) |-> { #symVariable(3663) : Data ( "8469" ) } -> { 
      #symVariable(3664) : Set ( 0 ) } -> ( #symVariable(3662) : #symVariable(
      3664) ) -> ((Data ( "Vec" ) #symVariable(3664)) #symVariable(3663))
    Fun ( "tail" ) |-> { #symVariable(1526) : #symExpr(1568) } -> { 
      #symVariable(1527) : Set ( 0 ) } -> ( #symVariable(1525) : ((Data ( 
      "Vec" ) #symVariable(1527)) (Con ( "suc" ) #symVariable(1526))) ) -> ((
      Data ( "Vec" ) #symVariable(1527)) #symVariable(1526))
    Fun ( "toList" ) |-> { #symVariable(5435) : #symExpr(5602) } -> { 
      #symVariable(5436) : Set ( 0 ) } -> ( #symVariable(5434) : ((Data ( 
      "Vec" ) #symVariable(5436)) #symVariable(5435)) ) -> (Data ( "List" ) 
      #symVariable(5436))
    Fun ( "zipWith" ) |-> { #symVariable(4067) : Data ( "8469" ) } -> { 
      #symVariable(4070) : Set ( 0 ) } -> { #symVariable(4069) : Set ( 0 ) } 
      -> { #symVariable(4068) : Set ( 0 ) } -> ( #symVariable(4062) : ( 
      #symVariable(4065) : #symVariable(4070) ) -> ( #symVariable(4066) : 
      #symVariable(4069) ) -> #symVariable(4068) ) -> ( #symVariable(4063) : (
      (Data ( "Vec" ) #symVariable(4070)) #symVariable(4067)) ) -> ( 
      #symVariable(4064) : ((Data ( "Vec" ) #symVariable(4069)) #symVariable(
      4067)) ) -> ((Data ( "Vec" ) #symVariable(4068)) #symVariable(4067))
    Data ( "8469" ) |-> Set ( 0 )
    Data ( "Fin" ) |-> ( #symVariable(45) : Data ( "8469" ) ) -> Set ( 0 )
    Data ( "List" ) |-> ( #symVariable(160) : Set ( 0 ) ) -> Set ( 0 )
    Data ( "Vec" ) |-> ( #symVariable(178) : Set ( 0 ) ) -> ( #symVariable(177
      ) : Data ( "8469" ) ) -> Set ( 0 )
    Data ( "_8712_" ) |-> { #symVariable(800) : Set ( 0 ) } -> ( #symVariable(
      797) : #symVariable(800) ) -> { #symVariable(799) : Data ( "8469" ) } ->
       ( #symVariable(798) : ((Data ( "Vec" ) #symVariable(800)) #symVariable(
      799)) ) -> Set ( 0 )
    Data ( "_[_]=_" ) |-> { #symVariable(1054) : Set ( 0 ) } -> { #symVariable
      (1053) : Data ( "8469" ) } -> ( #symVariable(1050) : ((Data ( "Vec" ) 
      #symVariable(1054)) #symVariable(1053)) ) -> ( #symVariable(1051) : (
      Data ( "Fin" ) #symVariable(1053)) ) -> ( #symVariable(1052) : 
      #symVariable(1054) ) -> Set ( 0 )
    Con ( "<>" ) |-> { #symVariable(187) : Set ( 0 ) } -> ((Data ( "Vec" ) 
      #symVariable(187)) Con ( "zero" ))
    Con ( "[]" ) |-> { #symVariable(165) : Set ( 0 ) } -> (Data ( "List" ) 
      #symVariable(165))
    Con ( "_,_" ) |-> { #symVariable(214) : Set ( 0 ) } -> { #symVariable(213)
       : Data ( "8469" ) } -> ( #symVariable(212) : #symVariable(214) ) -> ( 
      #symVariable(211) : ((Data ( "Vec" ) #symVariable(214)) #symVariable(213
      )) ) -> ((Data ( "Vec" ) #symVariable(214)) (Con ( "suc" ) #symVariable(
      213)))
    Con ( "_8759_" ) |-> { #symVariable(176) : Set ( 0 ) } -> ( #symVariable(
      175) : #symVariable(176) ) -> ( #symVariable(174) : (Data ( "List" ) 
      #symVariable(176)) ) -> (Data ( "List" ) #symVariable(176))
    Con ( "fsuc" ) |-> { #symVariable(68) : Data ( "8469" ) } -> ( 
      #symVariable(67) : (Data ( "Fin" ) #symVariable(68)) ) -> (Data ( "Fin" 
      ) (Con ( "suc" ) #symVariable(68)))
    Con ( "fzero" ) |-> { #symVariable(54) : Data ( "8469" ) } -> (Data ( 
      "Fin" ) (Con ( "suc" ) #symVariable(54)))
    Con ( "here" ) |-> { #symVariable(899) : Set ( 0 ) } -> { #symVariable(898
      ) : #symExpr(801) } -> { #symVariable(897) : #symExpr(804) } -> { 
      #symVariable(896) : ((Data ( "Vec" ) #symVariable(899)) #symVariable(898
      )) } -> ((((Data ( "_8712_" ) { #symVariable(899) }) #symVariable(897)) 
      { (Con ( "suc" ) #symVariable(898)) }) ((((Con ( "_,_" ) { #symVariable(
      899) }) { #symVariable(898) }) #symVariable(897)) #symVariable(896)))
    Con ( "here'" ) |-> { #symVariable(1213) : Set ( 0 ) } -> { #symVariable(
      1212) : #symExpr(1055) } -> { #symVariable(1211) : #symExpr(1058) } -> {
       #symVariable(1210) : ((Data ( "Vec" ) #symVariable(1213)) #symVariable(
      1212)) } -> (((((Data ( "_[_]=_" ) { #symVariable(1213) }) { (Con ( 
      "suc" ) #symVariable(1212)) }) ((((Con ( "_,_" ) { #symVariable(1213) })
       { #symVariable(1212) }) #symVariable(1211)) #symVariable(1210))) (Con (
       "fzero" ) { #symVariable(1212) })) #symVariable(1211))
    Con ( "suc" ) |-> ( #symVariable(44) : Data ( "8469" ) ) -> Data ( "8469" 
      )
    Con ( "there" ) |-> { #symVariable(1037) : Set ( 0 ) } -> { #symVariable(
      1036) : #symExpr(900) } -> { #symVariable(1035) : #symExpr(903) } -> { 
      #symVariable(1032) : #symExpr(906) } -> { #symVariable(1033) : ((Data ( 
      "Vec" ) #symVariable(1037)) #symVariable(1036)) } -> ( #symVariable(1034
      ) : ((((Data ( "_8712_" ) { #symVariable(1037) }) #symVariable(1035)) { 
      #symVariable(1036) }) #symVariable(1033)) ) -> ((((Data ( "_8712_" ) { 
      #symVariable(1037) }) #symVariable(1035)) { (Con ( "suc" ) #symVariable(
      1036)) }) ((((Con ( "_,_" ) { #symVariable(1037) }) { #symVariable(1036)
       }) #symVariable(1032)) #symVariable(1033)))
    Con ( "there'" ) |-> { #symVariable(1389) : Set ( 0 ) } -> { #symVariable(
      1387) : #symExpr(1214) } -> { #symVariable(1388) : #symExpr(1217) } -> {
       #symVariable(1386) : #symExpr(1220) } -> { #symVariable(1383) : 
      #symExpr(1223) } -> { #symVariable(1385) : ((Data ( "Vec" ) #symVariable
      (1389)) #symVariable(1387)) } -> ( #symVariable(1384) : (((((Data ( 
      "_[_]=_" ) { #symVariable(1389) }) { #symVariable(1387) }) #symVariable(
      1385)) #symVariable(1388)) #symVariable(1386)) ) -> (((((Data ( "_[_]=_"
       ) { #symVariable(1389) }) { (Con ( "suc" ) #symVariable(1387)) }) ((((
      Con ( "_,_" ) { #symVariable(1389) }) { #symVariable(1387) }) 
      #symVariable(1383)) #symVariable(1385))) ((Con ( "fsuc" ) { #symVariable
      (1387) }) #symVariable(1388))) #symVariable(1386))
    Con ( "zero" ) |-> Data ( "8469" )
</sig>
<ctx>
    .Map
</ctx>
<meta>
    .Map
</meta>
<ncat>
    Name ( "8469" ) |-> Data ( "8469" )
    Name ( "<>" ) |-> Con ( "<>" )
    Name ( "<_>" ) |-> Fun ( "<_>" )
    Name ( "Fin" ) |-> Data ( "Fin" )
    Name ( "List" ) |-> Data ( "List" )
    Name ( "Vec" ) |-> Data ( "Vec" )
    Name ( "[]" ) |-> Con ( "[]" )
    Name ( "_*_" ) |-> Fun ( "_*_" )
    Name ( "_++_" ) |-> Fun ( "_++_" )
    Name ( "_+_" ) |-> Fun ( "_+_" )
    Name ( "_,0691_" ) |-> Fun ( "_,0691_" )
    Name ( "_,_" ) |-> Con ( "_,_" )
    Name ( "_8712_" ) |-> Data ( "_8712_" )
    Name ( "_8759_" ) |-> Con ( "_8759_" )
    Name ( "_8859_" ) |-> Fun ( "_8859_" )
    Name ( "_[_]8788_" ) |-> Fun ( "_[_]8788_" )
    Name ( "_[_]=_" ) |-> Data ( "_[_]=_" )
    Name ( "foldl" ) |-> Fun ( "foldl" )
    Name ( "foldr" ) |-> Fun ( "foldr" )
    Name ( "foldr8321" ) |-> Fun ( "foldr8321" )
    Name ( "fsuc" ) |-> Con ( "fsuc" )
    Name ( "fzero" ) |-> Con ( "fzero" )
    Name ( "head" ) |-> Fun ( "head" )
    Name ( "here" ) |-> Con ( "here" )
    Name ( "here'" ) |-> Con ( "here'" )
    Name ( "lookup" ) |-> Fun ( "lookup" )
    Name ( "map" ) |-> Fun ( "map" )
    Name ( "replicate" ) |-> Fun ( "replicate" )
    Name ( "suc" ) |-> Con ( "suc" )
    Name ( "tail" ) |-> Fun ( "tail" )
    Name ( "there" ) |-> Con ( "there" )
    Name ( "there'" ) |-> Con ( "there'" )
    Name ( "toList" ) |-> Fun ( "toList" )
    Name ( "zero" ) |-> Con ( "zero" )
    Name ( "zipWith" ) |-> Fun ( "zipWith" )
</ncat>
<fun>
    Fun ( "<_>" ) |-> 'fc(((#symFunClauses(1702) { #symVariable(1700) }) Var (
       "x" )) = ((((Con ( "_,_" ) { #symVariable(1700) }) { Con ( "zero" ) }) 
      Var ( "x" )) (Con ( "<>" ) { #symVariable(1700) })))
    Fun ( "_*_" ) |-> 'fc(((#symFunClauses(126) Con ( "zero" )) #symExpr(119))
       = Con ( "zero" ),, ((#symFunClauses(159) (Con ( "suc" ) Var ( "m" ))) 
      Var ( "n" )) = ((Fun ( "_+_" ) Var ( "n" )) ((Fun ( "_*_" ) Var ( "m" ))
       Var ( "n" ))))
    Fun ( "_++_" ) |-> 'fc((((((#symFunClauses(2060) { Con ( "zero" ) }) { 
      #symVariable(1823) }) { (DotP ( #symVariable(1821) )) }) (Con ( "<>" ) {
       #symVariable(1821) })) Var ( "ys" )) = Var ( "ys" ),, (((((
      #symFunClauses(3141) { (Con ( "suc" ) 'DotP(#symExpr(2089))) }) { 
      #symVariable(2276) }) { (DotP ( #symVariable(2274) )) }) ((((Con ( "_,_"
       ) { #symVariable(2274) }) { #symExpr(2089) }) Var ( "x" )) Var ( "xs" )
      )) Var ( "ys" )) = ((((Con ( "_,_" ) { #symVariable(2274) }) { ((Fun ( 
      "_+_" ) #symExpr(2089)) #symVariable(2276)) }) Var ( "x" )) (((((Fun ( 
      "_++_" ) { #symExpr(2089) }) { #symVariable(2276) }) { #symVariable(2274
      ) }) Var ( "xs" )) Var ( "ys" ))))
    Fun ( "_+_" ) |-> 'fc(((#symFunClauses(82) Con ( "zero" )) Var ( "n" )) = 
      Var ( "n" ),, ((#symFunClauses(111) (Con ( "suc" ) Var ( "m" ))) Var ( 
      "n" )) = (Con ( "suc" ) ((Fun ( "_+_" ) Var ( "m" )) Var ( "n" ))))
    Fun ( "_,0691_" ) |-> 'fc(((((#symFunClauses(5721) { Con ( "zero" ) }) { (
      DotP ( #symVariable(5717) )) }) (Con ( "<>" ) { #symVariable(5717) })) 
      Var ( "y" )) = ((Fun ( "<_>" ) { #symVariable(5717) }) Var ( "y" )),, ((
      ((#symFunClauses(5885) { (Con ( "suc" ) 'DotP(#symExpr(5749))) }) { (
      DotP ( #symVariable(5881) )) }) ((((Con ( "_,_" ) { #symVariable(5881) }
      ) { #symExpr(5749) }) Var ( "x" )) Var ( "xs" ))) Var ( "y" )) = ((((Con
       ( "_,_" ) { #symVariable(5881) }) { (Con ( "suc" ) #symExpr(5749)) }) 
      Var ( "x" )) ((((Fun ( "_,0691_" ) { #symExpr(5749) }) { #symVariable(
      5881) }) Var ( "xs" )) Var ( "y" ))))
    Fun ( "_8859_" ) |-> 'fc(((((((#symFunClauses(3305) { #symExpr(3194) }) { 
      Con ( "zero" ) }) { (DotP ( #symExpr(3229) )) }) { (DotP ( #symVariable(
      3298) )) }) (Con ( "<>" ) { ( #symVariable(3304) : #symExpr(3229) ) -> 
      #symVariable(3298) })) #symExpr(3285)) = (Con ( "<>" ) { #symVariable(
      3298) }),, ((((((#symFunClauses(3650) { #symExpr(3355) }) { (Con ( "suc"
       ) 'DotP(#symExpr(3501))) }) { (DotP ( #symExpr(3308) )) }) { (DotP ( 
      #symVariable(3643) )) }) ((((Con ( "_,_" ) { ( #symVariable(3649) : 
      #symExpr(3308) ) -> #symVariable(3643) }) { (DotP ( #symExpr(3501) )) })
       Var ( "f" )) Var ( "fs" ))) ((((Con ( "_,_" ) { #symExpr(3308) }) { 
      #symExpr(3501) }) Var ( "x" )) Var ( "xs" ))) = ((((Con ( "_,_" ) { 
      #symVariable(3643) }) { #symExpr(3501) }) (Var ( "f" ) Var ( "x" ))) (((
      (((Fun ( "_8859_" ) { #symExpr(3570) }) { #symExpr(3501) }) { #symExpr(
      3308) }) { #symVariable(3643) }) Var ( "fs" )) Var ( "xs" ))))
    Fun ( "_[_]8788_" ) |-> 'fc(((((((#symFunClauses(6451) { #symExpr(6276) })
       { (Con ( "suc" ) 'DotP(#symExpr(6403))) }) { (DotP ( #symVariable(6445)
       )) }) ((((Con ( "_,_" ) { #symVariable(6445) }) { (DotP ( #symExpr(6403
      ) )) }) Var ( "x" )) Var ( "xs" ))) (Con ( "fzero" ) { #symExpr(6403) })
      ) Var ( "y" )) = ((((Con ( "_,_" ) { #symVariable(6445) }) { #symExpr(
      6403) }) Var ( "y" )) Var ( "xs" )),, ((((((#symFunClauses(6698) { 
      #symExpr(6499) }) { (Con ( "suc" ) 'DotP(#symExpr(6590))) }) { (DotP ( 
      #symVariable(6692) )) }) ((((Con ( "_,_" ) { #symVariable(6692) }) { (
      DotP ( #symExpr(6590) )) }) Var ( "x" )) Var ( "xs" ))) ((Con ( "fsuc" )
       { #symExpr(6590) }) Var ( "i" ))) Var ( "y" )) = ((((Con ( "_,_" ) { 
      #symVariable(6692) }) { #symExpr(6590) }) Var ( "x" )) ((((((Fun ( 
      "_[_]8788_" ) { #symExpr(6644) }) { #symExpr(6590) }) { #symVariable(
      6692) }) Var ( "xs" )) Var ( "i" )) Var ( "y" ))))
    Fun ( "foldl" ) |-> 'fc(((((((((#symFunClauses(440) { #symExpr(294) }) { 
      #symExpr(314) }) { (DotP ( #symExpr(420) )) }) Var ( "b" )) { Con ( 
      "zero" ) }) Var ( "_FAILER_" )) Var ( "n" )) (Con ( "<>" ) { #symExpr(
      420) })) = Var ( "n" ),, ((((((((#symFunClauses(788) { #symExpr(470) }) 
      { #symExpr(490) }) { (DotP ( #symExpr(444) )) }) Var ( "b" )) { (Con ( 
      "suc" ) 'DotP(#symExpr(577))) }) Var ( "_FAILER_" )) Var ( "n" )) ((((
      Con ( "_,_" ) { #symExpr(444) }) { #symExpr(577) }) Var ( "x" )) Var ( 
      "xs" ))) = ((((((((Fun ( "foldl" ) { #symExpr(626) }) { #symExpr(654) })
       { #symExpr(444) }) \ ( Var ( "n" ) : Data ( "8469" ) ) -> (Var ( "b" ) 
      (Con ( "suc" ) Var ( "n" )))) { #symExpr(577) }) Var ( "_FAILER_" )) (((
      Var ( "_FAILER_" ) { Con ( "zero" ) }) Var ( "n" )) Var ( "x" ))) Var ( 
      "xs" )))
    Fun ( "foldr" ) |-> 'fc(((((((((#symFunClauses(4804) { #symExpr(4658) }) {
       #symExpr(4678) }) { (DotP ( #symExpr(4784) )) }) Var ( "b" )) { Con ( 
      "zero" ) }) Var ( "_8853_" )) Var ( "n" )) (Con ( "<>" ) { #symExpr(4784
      ) })) = Var ( "n" ),, ((((((((#symFunClauses(5108) { #symExpr(4834) }) {
       #symExpr(4854) }) { (DotP ( #symExpr(4808) )) }) Var ( "b" )) { (Con ( 
      "suc" ) 'DotP(#symExpr(4941))) }) Var ( "_8853_" )) Var ( "n" )) ((((Con
       ( "_,_" ) { #symExpr(4808) }) { #symExpr(4941) }) Var ( "x" )) Var ( 
      "xs" ))) = (((Var ( "_8853_" ) { #symExpr(4941) }) Var ( "x" )) ((((((((
      Fun ( "foldr" ) { #symExpr(4994) }) { #symExpr(5015) }) { #symExpr(4808)
       }) Var ( "b" )) { #symExpr(4941) }) Var ( "_8853_" )) Var ( "n" )) Var 
      ( "xs" ))))
    Fun ( "foldr8321" ) |-> 'fc(((((#symFunClauses(5226) { (DotP ( 
      #symVariable(5220) )) }) { Con ( "zero" ) }) Var ( "_8853_" )) ((((Con (
       "_,_" ) { (DotP ( #symVariable(5220) )) }) { Con ( "zero" ) }) Var ( 
      "x" )) (Con ( "<>" ) { #symVariable(5220) }))) = Var ( "x" ),, ((((
      #symFunClauses(5418) { (DotP ( #symVariable(5412) )) }) { (Con ( "suc" )
       'DotP(#symExpr(5313))) }) Var ( "_8853_" )) ((((Con ( "_,_" ) { (DotP (
       #symVariable(5412) )) }) { (Con ( "suc" ) 'DotP(#symExpr(5313))) }) Var
       ( "x" )) ((((Con ( "_,_" ) { #symVariable(5412) }) { #symExpr(5313) }) 
      Var ( "y" )) Var ( "ys" )))) = ((Var ( "_8853_" ) Var ( "x" )) ((((Fun (
       "foldr8321" ) { #symVariable(5412) }) { #symExpr(5313) }) Var ( 
      "_8853_" )) ((((Con ( "_,_" ) { #symVariable(5412) }) { #symExpr(5313) }
      ) Var ( "y" )) Var ( "ys" )))))
    Fun ( "head" ) |-> 'fc((((#symFunClauses(1501) { (DotP ( #symExpr(1433) ))
       }) { (DotP ( #symVariable(1498) )) }) ((((Con ( "_,_" ) { #symVariable(
      1498) }) { #symExpr(1433) }) Var ( "x" )) Var ( "xs" ))) = Var ( "x" ))
    Fun ( "lookup" ) |-> 'fc((((((#symFunClauses(6021) { #symExpr(5922) }) { (
      Con ( "suc" ) 'DotP(#symExpr(6002))) }) { (DotP ( #symVariable(6016) )) 
      }) (Con ( "fzero" ) { (DotP ( #symExpr(6002) )) })) ((((Con ( "_,_" ) { 
      #symVariable(6016) }) { #symExpr(6002) }) Var ( "x" )) Var ( "xs" ))) = 
      Var ( "x" ),, (((((#symFunClauses(6197) { #symExpr(6047) }) { (Con ( 
      "suc" ) 'DotP(#symExpr(6128))) }) { (DotP ( #symVariable(6192) )) }) ((
      Con ( "fsuc" ) { (DotP ( #symExpr(6128) )) }) Var ( "i" ))) ((((Con ( 
      "_,_" ) { #symVariable(6192) }) { #symExpr(6128) }) Var ( "x" )) Var ( 
      "xs" ))) = (((((Fun ( "lookup" ) { #symExpr(6152) }) { #symExpr(6128) })
       { #symVariable(6192) }) Var ( "i" )) Var ( "xs" )))
    Fun ( "map" ) |-> 'fc((((((#symFunClauses(4034) { #symVariable(4029) }) { 
      #symExpr(3840) }) { #symVariable(4028) }) Var ( "f" )) Var ( "xs" )) = (
      (((((Fun ( "_8859_" ) { #symExpr(3910) }) { #symVariable(4029) }) { 
      #symExpr(3840) }) { #symVariable(4028) }) (((Fun ( "replicate" ) { 
      #symVariable(4029) }) { ( #symVariable(4033) : #symExpr(3840) ) -> 
      #symVariable(4028) }) Var ( "f" ))) Var ( "xs" )))
    Fun ( "replicate" ) |-> 'fc((((#symFunClauses(3696) { Con ( "zero" ) }) { 
      #symVariable(3693) }) Var ( "x" )) = (Con ( "<>" ) { #symVariable(3693) 
      }),, (((#symFunClauses(3786) { (Con ( "suc" ) Var ( "n" )) }) { 
      #symVariable(3783) }) Var ( "x" )) = ((((Con ( "_,_" ) { #symVariable(
      3783) }) { Var ( "n" ) }) Var ( "x" )) (((Fun ( "replicate" ) { Var ( 
      "n" ) }) { #symVariable(3783) }) Var ( "x" ))))
    Fun ( "tail" ) |-> 'fc((((#symFunClauses(1621) { (DotP ( #symVariable(1619
      ) )) }) { (DotP ( #symVariable(1618) )) }) ((((Con ( "_,_" ) { 
      #symVariable(1618) }) { #symVariable(1619) }) Var ( "x" )) Var ( "xs" ))
      ) = Var ( "xs" ))
    Fun ( "toList" ) |-> 'fc((((#symFunClauses(5490) { Con ( "zero" ) }) { (
      DotP ( #symVariable(5487) )) }) (Con ( "<>" ) { #symVariable(5487) })) =
       (Con ( "[]" ) { #symVariable(5487) }),, (((#symFunClauses(5626) { (Con 
      ( "suc" ) 'DotP(#symExpr(5516))) }) { (DotP ( #symVariable(5623) )) }) (
      (((Con ( "_,_" ) { #symVariable(5623) }) { #symExpr(5516) }) Var ( "x" )
      ) Var ( "xs" ))) = (((Con ( "_8759_" ) { #symVariable(5623) }) Var ( "x"
       )) (((Fun ( "toList" ) { #symExpr(5516) }) { #symVariable(5623) }) Var 
      ( "xs" ))))
    Fun ( "zipWith" ) |-> 'fc((((((((#symFunClauses(4578) { #symVariable(4570)
       }) { #symExpr(4109) }) { #symExpr(4129) }) { #symVariable(4569) }) Var 
      ( "_8853_" )) Var ( "xs" )) Var ( "ys" )) = ((((((Fun ( "_8859_" ) { 
      #symExpr(4346) }) { #symVariable(4570) }) { #symExpr(4129) }) { 
      #symVariable(4569) }) ((((((Fun ( "_8859_" ) { #symExpr(4218) }) { 
      #symVariable(4570) }) { #symExpr(4109) }) { ( #symVariable(4576) : 
      #symExpr(4129) ) -> #symVariable(4569) }) (((Fun ( "replicate" ) { 
      #symVariable(4570) }) { ( #symVariable(4577) : #symExpr(4109) ) -> ( 
      #symVariable(4576) : #symExpr(4129) ) -> #symVariable(4569) }) Var ( 
      "_8853_" ))) Var ( "xs" ))) Var ( "ys" )))
</fun>
