<k>
    whnf ( Fun ( "t1" ) ) ~> nf ( HOLE )
</k>
<dbg>
    0
</dbg>
<mgu>
    subst(.KList)
</mgu>
<ctxstack>
    .List
</ctxstack>
<fenv-stack>
    .List
</fenv-stack>
<sig>
    Fun ( "_*_" ) |-> ( #symVariable(57) : Data ( "8469" ) ) -> ( #symVariable
      (60) : Data ( "8469" ) ) -> Data ( "8469" )
    Fun ( "_+_" ) |-> ( #symVariable(63) : Data ( "8469" ) ) -> ( #symVariable
      (66) : Data ( "8469" ) ) -> Data ( "8469" )
    Data ( "8469" ) |-> Set ( 0 )
    Con ( "S" ) |-> ( #symVariable(66) : Data ( "8469" ) ) -> Data ( "8469" )
    Con ( "Z" ) |-> Data ( "8469" )
</sig>
<ctx>
    .Map
</ctx>
<meta>
    .Map
</meta>
<fenv>
    .Map
</fenv>
<ncat>
    Name ( "8469" ) |-> Data ( "8469" )
    Name ( "S" ) |-> Con ( "S" )
    Name ( "Z" ) |-> Con ( "Z" )
    Name ( "_*_" ) |-> Fun ( "_*_" )
    Name ( "_+_" ) |-> Fun ( "_+_" )
</ncat>
<fun>
    Fun ( "_*_" ) |-> 'fc(((#symFunClauses(45) Var ( "n" )) Con ( "Z" )) = Con
       ( "Z" ),, ((#symFunClauses(71) Var ( "n" )) (Con ( "S" ) Var ( "m" ))) 
      = ((Fun ( "_+_" ) ((Fun ( "_*_" ) Var ( "n" )) Var ( "m" ))) Var ( "n" )
      ))
    Fun ( "_+_" ) |-> 'fc(((#symFunClauses(12) Var ( "n" )) Con ( "Z" )) = Var
       ( "n" ),, ((#symFunClauses(35) Var ( "n" )) (Con ( "S" ) Var ( "m" ))) 
      = (Con ( "S" ) ((Fun ( "_+_" ) Var ( "n" )) Var ( "m" ))))
</fun>
