<k>
    .K
</k>
<mgu>
    subst(.KList)
</mgu>
<ctx-stack>
    .List
</ctx-stack>
<sig>
    Fun ( "[a->b]->[zb->za]" ) |-> { #symVariable(4161) : #symExpr(4176) }
       -> { #symVariable(4160) : #symExpr(4189) } -> ( #symVariable(4157) : ( 
      #symVariable(4159) : #symVariable(4161) ) -> #symVariable(4160) ) -> ( 
      #symVariable(4158) : (Fun ( "z_" ) #symVariable(4160)) ) -> (Fun ( "z_" 
      ) #symVariable(4161))
    Fun ( "[a8743b]8744[a8743c]->a8743[b8744c]" ) |-> { #symVariable(1624) : 
      #symExpr(2069) } -> { #symVariable(1623) : #symExpr(2117) } -> { 
      #symVariable(1622) : #symExpr(2168) } -> ( #symVariable(1621) : ((Fun ( 
      "_8744_" ) ((Fun ( "_8743_" ) #symVariable(1624)) #symVariable(1623))) (
      (Fun ( "_8743_" ) #symVariable(1624)) #symVariable(1622))) ) -> ((Fun ( 
      "_8743_" ) #symVariable(1624)) ((Fun ( "_8744_" ) #symVariable(1623)) 
      #symVariable(1622)))
    Fun ( "[a8744b]8743[a8744c]->a8744[b8743c]" ) |-> { #symVariable(3096) : 
      #symExpr(3803) } -> { #symVariable(3095) : #symExpr(3871) } -> { 
      #symVariable(3094) : #symExpr(3942) } -> ( #symVariable(3093) : ((Fun ( 
      "_8743_" ) ((Fun ( "_8744_" ) #symVariable(3096)) #symVariable(3095))) (
      (Fun ( "_8744_" ) #symVariable(3096)) #symVariable(3094))) ) -> ((Fun ( 
      "_8744_" ) #symVariable(3096)) ((Fun ( "_8743_" ) #symVariable(3095)) 
      #symVariable(3094)))
    Fun ( "_8743_" ) |-> ( #symVariable(35) : Set ( 0 ) ) -> ( #symVariable(34
      ) : Set ( 0 ) ) -> Set ( 0 )
    Fun ( "_8744_" ) |-> ( #symVariable(319) : Set ( 0 ) ) -> ( #symVariable(
      318) : Set ( 0 ) ) -> Set ( 0 )
    Fun ( "a8743[b8744c]->[a8743b]8744[a8743c]" ) |-> { #symVariable(857) : 
      #symExpr(1282) } -> { #symVariable(856) : #symExpr(1330) } -> { 
      #symVariable(855) : #symExpr(1381) } -> ( #symVariable(854) : ((Fun ( 
      "_8743_" ) #symVariable(857)) ((Fun ( "_8744_" ) #symVariable(856)) 
      #symVariable(855))) ) -> ((Fun ( "_8744_" ) ((Fun ( "_8743_" ) 
      #symVariable(857)) #symVariable(856))) ((Fun ( "_8743_" ) #symVariable(
      857)) #symVariable(855)))
    Fun ( "a8743b->a" ) |-> { #symVariable(80) : Set ( 0 ) } -> { #symVariable
      (79) : Set ( 0 ) } -> ( #symVariable(78) : ((Fun ( "_8743_" ) 
      #symVariable(80)) #symVariable(79)) ) -> #symVariable(80)
    Fun ( "a8743b->b" ) |-> { #symVariable(192) : Set ( 0 ) } -> { 
      #symVariable(191) : Set ( 0 ) } -> ( #symVariable(190) : ((Fun ( 
      "_8743_" ) #symVariable(192)) #symVariable(191)) ) -> #symVariable(191)
    Fun ( "a8743b->b8743a" ) |-> { #symVariable(389) : #symExpr(430) } -> { 
      #symVariable(388) : #symExpr(457) } -> ( #symVariable(387) : ((Fun ( 
      "_8743_" ) #symVariable(389)) #symVariable(388)) ) -> ((Fun ( "_8743_" )
       #symVariable(388)) #symVariable(389))
    Fun ( "a8744[b8743c]->[a8744b]8743[a8744c]" ) |-> { #symVariable(2367) : 
      #symExpr(2737) } -> { #symVariable(2366) : #symExpr(2785) } -> { 
      #symVariable(2365) : #symExpr(2836) } -> ( #symVariable(2364) : ((Fun ( 
      "_8744_" ) #symVariable(2367)) ((Fun ( "_8743_" ) #symVariable(2366)) 
      #symVariable(2365))) ) -> ((Fun ( "_8743_" ) ((Fun ( "_8744_" ) 
      #symVariable(2367)) #symVariable(2366))) ((Fun ( "_8744_" ) #symVariable
      (2367)) #symVariable(2365)))
    Fun ( "a8744b->b8744a" ) |-> { #symVariable(558) : #symExpr(715) } -> { 
      #symVariable(557) : #symExpr(738) } -> ( #symVariable(556) : ((Fun ( 
      "_8744_" ) #symVariable(558)) #symVariable(557)) ) -> ((Fun ( "_8744_" )
       #symVariable(557)) #symVariable(558))
    Fun ( "z[a8743za]" ) |-> { #symVariable(4246) : #symExpr(4283) } -> (Fun (
       "z_" ) ((Fun ( "_8743_" ) #symVariable(4246)) (Fun ( "z_" ) 
      #symVariable(4246))))
    Fun ( "z[a8744b]->za8743zb" ) |-> { #symVariable(4381) : #symExpr(4390) } 
      -> { #symVariable(4380) : #symExpr(4401) } -> ( #symVariable(4379) : (
      Fun ( "z_" ) ((Fun ( "_8744_" ) #symVariable(4381)) #symVariable(4380)))
       ) -> ((Fun ( "_8743_" ) (Fun ( "z_" ) #symVariable(4381))) (Fun ( "z_" 
      ) #symVariable(4380)))
    Fun ( "z_" ) |-> ( #symVariable(354) : Set ( 0 ) ) -> Set ( 0 )
    Fun ( "za8743zb->z[a8744b]" ) |-> { #symVariable(4647) : #symExpr(4853) } 
      -> { #symVariable(4646) : #symExpr(4880) } -> ( #symVariable(4645) : ((
      Fun ( "_8743_" ) (Fun ( "z_" ) #symVariable(4647))) (Fun ( "z_" ) 
      #symVariable(4646))) ) -> (Fun ( "z_" ) ((Fun ( "_8744_" ) #symVariable(
      4647)) #symVariable(4646)))
    Fun ( "za8744zb->z[a8743b]" ) |-> { #symVariable(5012) : #symExpr(5204) } 
      -> { #symVariable(5011) : #symExpr(5227) } -> ( #symVariable(5010) : ((
      Fun ( "_8744_" ) (Fun ( "z_" ) #symVariable(5012))) (Fun ( "z_" ) 
      #symVariable(5011))) ) -> (Fun ( "z_" ) ((Fun ( "_8743_" ) #symVariable(
      5012)) #symVariable(5011)))
    Data ( "Either" ) |-> ( #symVariable(295) : Set ( 0 ) ) -> ( #symVariable(
      294) : Set ( 0 ) ) -> Set ( 0 )
    Data ( "False" ) |-> Set ( 0 )
    Data ( "Pair" ) |-> ( #symVariable(21) : Set ( 0 ) ) -> ( #symVariable(20)
       : Set ( 0 ) ) -> Set ( 0 )
    Con ( "_,_" ) |-> { #symVariable(33) : Set ( 0 ) } -> { #symVariable(32) :
       Set ( 0 ) } -> ( #symVariable(30) : #symVariable(33) ) -> ( 
      #symVariable(31) : #symVariable(32) ) -> ((Data ( "Pair" ) #symVariable(
      33)) #symVariable(32))
    Con ( "left" ) |-> { #symVariable(306) : Set ( 0 ) } -> { #symVariable(305
      ) : Set ( 0 ) } -> ( #symVariable(304) : #symVariable(306) ) -> ((Data (
       "Either" ) #symVariable(306)) #symVariable(305))
    Con ( "right" ) |-> { #symVariable(317) : Set ( 0 ) } -> { #symVariable(
      316) : Set ( 0 ) } -> ( #symVariable(315) : #symVariable(316) ) -> ((
      Data ( "Either" ) #symVariable(317)) #symVariable(316))
</sig>
<ctx>
    .Map
</ctx>
<meta>
    .Map
</meta>
<ncat>
    Name ( "Either" ) |-> Data ( "Either" )
    Name ( "False" ) |-> Data ( "False" )
    Name ( "Pair" ) |-> Data ( "Pair" )
    Name ( "[a->b]->[zb->za]" ) |-> Fun ( "[a->b]->[zb->za]" )
    Name ( "[a8743b]8744[a8743c]->a8743[b8744c]" ) |-> Fun ( 
      "[a8743b]8744[a8743c]->a8743[b8744c]" )
    Name ( "[a8744b]8743[a8744c]->a8744[b8743c]" ) |-> Fun ( 
      "[a8744b]8743[a8744c]->a8744[b8743c]" )
    Name ( "_,_" ) |-> Con ( "_,_" )
    Name ( "_8743_" ) |-> Fun ( "_8743_" )
    Name ( "_8744_" ) |-> Fun ( "_8744_" )
    Name ( "a8743[b8744c]->[a8743b]8744[a8743c]" ) |-> Fun ( 
      "a8743[b8744c]->[a8743b]8744[a8743c]" )
    Name ( "a8743b->a" ) |-> Fun ( "a8743b->a" )
    Name ( "a8743b->b" ) |-> Fun ( "a8743b->b" )
    Name ( "a8743b->b8743a" ) |-> Fun ( "a8743b->b8743a" )
    Name ( "a8744[b8743c]->[a8744b]8743[a8744c]" ) |-> Fun ( 
      "a8744[b8743c]->[a8744b]8743[a8744c]" )
    Name ( "a8744b->b8744a" ) |-> Fun ( "a8744b->b8744a" )
    Name ( "left" ) |-> Con ( "left" )
    Name ( "right" ) |-> Con ( "right" )
    Name ( "z[a8743za]" ) |-> Fun ( "z[a8743za]" )
    Name ( "z[a8744b]->za8743zb" ) |-> Fun ( "z[a8744b]->za8743zb" )
    Name ( "z_" ) |-> Fun ( "z_" )
    Name ( "za8743zb->z[a8744b]" ) |-> Fun ( "za8743zb->z[a8744b]" )
    Name ( "za8744zb->z[a8743b]" ) |-> Fun ( "za8744zb->z[a8743b]" )
</ncat>
<fun>
    Fun ( "[a->b]->[zb->za]" ) |-> 'fc((((((#symFunClauses(4226) { 
      #symExpr(4164) }) { #symExpr(4188) }) Var ( "a->b" )) Var ( "zb" )) Var 
      ( "a" )) = (Var ( "zb" ) (Var ( "a->b" ) Var ( "a" ))))
    Fun ( "[a8743b]8744[a8743c]->a8743[b8744c]" ) |-> 'fc(((((#symFunClauses(
      1969) { DotP ( #symVariable(1941) ) }) { DotP ( #symVariable(1942) ) }) 
      { DotP ( #symVariable(1943) ) }) (((Con ( "left" ) { ((Data ( "Pair" ) 
      DotP ( #symVariable(1941) )) DotP ( #symVariable(1942) )) }) { ((Data ( 
      "Pair" ) DotP ( #symVariable(1941) )) #symVariable(1943)) }) ((((Con ( 
      "_,_" ) { #symVariable(1941) }) { #symVariable(1942) }) Var ( "a" )) Var
       ( "b" )))) = ((((Con ( "_,_" ) { #symVariable(1941) }) { ((Data ( 
      "Either" ) #symVariable(1942)) #symVariable(1943)) }) Var ( "a" )) (((
      Con ( "left" ) { #symVariable(1942) }) { #symVariable(1943) }) Var ( "b"
       ))),, ((((#symFunClauses(2314) { DotP ( #symVariable(2286) ) }) { DotP 
      ( #symVariable(2287) ) }) { DotP ( #symVariable(2288) ) }) (((Con ( 
      "right" ) { ((Data ( "Pair" ) DotP ( #symVariable(2286) )) #symVariable(
      2287)) }) { ((Data ( "Pair" ) DotP ( #symVariable(2286) )) DotP ( 
      #symVariable(2288) )) }) ((((Con ( "_,_" ) { #symVariable(2286) }) { 
      #symVariable(2288) }) Var ( "a" )) Var ( "c" )))) = ((((Con ( "_,_" ) { 
      #symVariable(2286) }) { ((Data ( "Either" ) #symVariable(2287)) 
      #symVariable(2288)) }) Var ( "a" )) (((Con ( "right" ) { #symVariable(
      2287) }) { #symVariable(2288) }) Var ( "c" ))))
    Fun ( "[a8744b]8743[a8744c]->a8744[b8743c]" ) |-> 'fc(((((#symFunClauses(
      3403) { DotP ( #symVariable(3375) ) }) { DotP ( #symVariable(3376) ) }) 
      { DotP ( #symVariable(3377) ) }) ((((Con ( "_,_" ) { ((Data ( "Either" )
       DotP ( #symVariable(3375) )) DotP ( #symVariable(3376) )) }) { ((Data (
       "Either" ) DotP ( #symVariable(3375) )) #symVariable(3377)) }) (((Con (
       "left" ) { #symVariable(3375) }) { #symVariable(3376) }) Var ( "a" ))) 
      #symExpr(3179))) = (((Con ( "left" ) { #symVariable(3375) }) { ((Data ( 
      "Pair" ) #symVariable(3376)) #symVariable(3377)) }) Var ( "a" )),, ((((
      #symFunClauses(3686) { DotP ( #symVariable(3658) ) }) { DotP ( 
      #symVariable(3659) ) }) { DotP ( #symVariable(3660) ) }) ((((Con ( "_,_"
       ) { ((Data ( "Either" ) DotP ( #symVariable(3658) )) #symVariable(3659)
      ) }) { ((Data ( "Either" ) DotP ( #symVariable(3658) )) DotP ( 
      #symVariable(3660) )) }) #symExpr(3413)) (((Con ( "left" ) { 
      #symVariable(3658) }) { #symVariable(3660) }) Var ( "a" )))) = (((Con ( 
      "left" ) { #symVariable(3658) }) { ((Data ( "Pair" ) #symVariable(3659))
       #symVariable(3660)) }) Var ( "a" )),, ((((#symFunClauses(4140) { DotP (
       #symVariable(4112) ) }) { DotP ( #symVariable(4113) ) }) { DotP ( 
      #symVariable(4114) ) }) ((((Con ( "_,_" ) { ((Data ( "Either" ) DotP ( 
      #symVariable(4112) )) DotP ( #symVariable(4113) )) }) { ((Data ( 
      "Either" ) DotP ( #symVariable(4112) )) DotP ( #symVariable(4114) )) }) 
      (((Con ( "right" ) { DotP ( #symVariable(4112) ) }) { #symVariable(4113)
       }) Var ( "b" ))) (((Con ( "right" ) { #symVariable(4112) }) { 
      #symVariable(4114) }) Var ( "c" )))) = (((Con ( "right" ) { #symVariable
      (4112) }) { ((Data ( "Pair" ) #symVariable(4113)) #symVariable(4114)) })
       ((((Con ( "_,_" ) { #symVariable(4113) }) { #symVariable(4114) }) Var (
       "b" )) Var ( "c" ))))
    Fun ( "_8743_" ) |-> \ ( Var ( "A" ) : #symExpr(56) ) -> \ ( Var ( "B" ) :
       #symExpr(59) ) -> ((Data ( "Pair" ) Var ( "A" )) Var ( "B" ))
    Fun ( "_8744_" ) |-> \ ( Var ( "A" ) : #symExpr(340) ) -> \ ( Var ( "B" ) 
      : #symExpr(343) ) -> ((Data ( "Either" ) Var ( "A" )) Var ( "B" ))
    Fun ( "a8743[b8744c]->[a8743b]8744[a8743c]" ) |-> 'fc(((((#symFunClauses(
      1214) { DotP ( #symVariable(1170) ) }) { DotP ( #symVariable(1171) ) }) 
      { DotP ( #symVariable(1172) ) }) ((((Con ( "_,_" ) { #symVariable(1170) 
      }) { ((Data ( "Either" ) DotP ( #symVariable(1171) )) DotP ( 
      #symVariable(1172) )) }) Var ( "a" )) (((Con ( "left" ) { #symVariable(
      1171) }) { #symVariable(1172) }) Var ( "b" )))) = (((Con ( "left" ) { ((
      Data ( "Pair" ) #symVariable(1170)) #symVariable(1171)) }) { ((Data ( 
      "Pair" ) #symVariable(1170)) #symVariable(1172)) }) ((((Con ( "_,_" ) { 
      #symVariable(1170) }) { #symVariable(1171) }) Var ( "a" )) Var ( "b" )))
      ,, ((((#symFunClauses(1571) { DotP ( #symVariable(1527) ) }) { DotP ( 
      #symVariable(1528) ) }) { DotP ( #symVariable(1529) ) }) ((((Con ( "_,_"
       ) { #symVariable(1527) }) { ((Data ( "Either" ) DotP ( #symVariable(
      1528) )) DotP ( #symVariable(1529) )) }) Var ( "a" )) (((Con ( "right" )
       { #symVariable(1528) }) { #symVariable(1529) }) Var ( "c" )))) = (((Con
       ( "right" ) { ((Data ( "Pair" ) #symVariable(1527)) #symVariable(1528))
       }) { ((Data ( "Pair" ) #symVariable(1527)) #symVariable(1529)) }) ((((
      Con ( "_,_" ) { #symVariable(1527) }) { #symVariable(1529) }) Var ( "a" 
      )) Var ( "c" ))))
    Fun ( "a8743b->a" ) |-> 'fc((((#symFunClauses(181) { DotP ( #symVariable(
      178) ) }) { DotP ( #symExpr(82) ) }) ((((Con ( "_,_" ) { #symVariable(
      178) }) { #symExpr(82) }) Var ( "a" )) Var ( "b" ))) = Var ( "a" ))
    Fun ( "a8743b->b" ) |-> 'fc((((#symFunClauses(293) { DotP ( #symExpr(193) 
      ) }) { DotP ( #symVariable(291) ) }) ((((Con ( "_,_" ) { #symExpr(193) }
      ) { #symVariable(291) }) Var ( "a" )) Var ( "b" ))) = Var ( "b" ))
    Fun ( "a8743b->b8743a" ) |-> 'fc((((#symFunClauses(533) { DotP ( 
      #symVariable(522) ) }) { DotP ( #symVariable(523) ) }) ((((Con ( "_,_" )
       { #symVariable(522) }) { #symVariable(523) }) Var ( "a" )) Var ( "b" ))
      ) = ((((Con ( "_,_" ) { #symVariable(523) }) { #symVariable(522) }) Var 
      ( "b" )) Var ( "a" )))
    Fun ( "a8744[b8743c]->[a8744b]8743[a8744c]" ) |-> 'fc(((((#symFunClauses(
      2637) { DotP ( #symVariable(2593) ) }) { DotP ( #symVariable(2594) ) }) 
      { DotP ( #symVariable(2595) ) }) (((Con ( "left" ) { #symVariable(2593) 
      }) { ((Data ( "Pair" ) #symVariable(2594)) #symVariable(2595)) }) Var ( 
      "a" ))) = ((((Con ( "_,_" ) { ((Data ( "Either" ) #symVariable(2593)) 
      #symVariable(2594)) }) { ((Data ( "Either" ) #symVariable(2593)) 
      #symVariable(2595)) }) (((Con ( "left" ) { #symVariable(2593) }) { 
      #symVariable(2594) }) Var ( "a" ))) (((Con ( "left" ) { #symVariable(
      2593) }) { #symVariable(2595) }) Var ( "a" ))),, ((((#symFunClauses(3043
      ) { DotP ( #symVariable(2999) ) }) { DotP ( #symVariable(3000) ) }) { 
      DotP ( #symVariable(3001) ) }) (((Con ( "right" ) { #symVariable(2999) }
      ) { ((Data ( "Pair" ) DotP ( #symVariable(3000) )) DotP ( #symVariable(
      3001) )) }) ((((Con ( "_,_" ) { #symVariable(3000) }) { #symVariable(
      3001) }) Var ( "b" )) Var ( "c" )))) = ((((Con ( "_,_" ) { ((Data ( 
      "Either" ) #symVariable(2999)) #symVariable(3000)) }) { ((Data ( 
      "Either" ) #symVariable(2999)) #symVariable(3001)) }) (((Con ( "right" )
       { #symVariable(2999) }) { #symVariable(3000) }) Var ( "b" ))) (((Con ( 
      "right" ) { #symVariable(2999) }) { #symVariable(3001) }) Var ( "c" ))))
    Fun ( "a8744b->b8744a" ) |-> 'fc((((#symFunClauses(681) { DotP ( 
      #symVariable(670) ) }) { DotP ( #symVariable(671) ) }) (((Con ( "left" )
       { #symVariable(670) }) { #symVariable(671) }) Var ( "a" ))) = (((Con ( 
      "right" ) { #symVariable(671) }) { #symVariable(670) }) Var ( "a" )),, (
      ((#symFunClauses(804) { DotP ( #symVariable(793) ) }) { DotP ( 
      #symVariable(794) ) }) (((Con ( "right" ) { #symVariable(793) }) { 
      #symVariable(794) }) Var ( "b" ))) = (((Con ( "left" ) { #symVariable(
      794) }) { #symVariable(793) }) Var ( "b" )))
    Fun ( "z[a8743za]" ) |-> 'fc(((#symFunClauses(4344) { DotP ( #symExpr(4247
      ) ) }) ((((Con ( "_,_" ) { DotP ( #symExpr(4247) ) }) { ( #symVariable(
      4311) : #symExpr(4247) ) -> Data ( "False" ) }) Var ( "a" )) Var ( "za" 
      ))) = (Var ( "za" ) Var ( "a" )))
    Fun ( "z[a8744b]->za8743zb" ) |-> 'fc((((#symFunClauses(4610) { 
      #symVariable(4575) }) { #symVariable(4576) }) Var ( "z[a8744b]" )) = (((
      (Con ( "_,_" ) { ( Var ( "a" ) : #symVariable(4575) ) -> Data ( "False" 
      ) }) { ( Var ( "b" ) : #symVariable(4576) ) -> Data ( "False" ) }) \ ( 
      Var ( "a" ) : #symVariable(4575) ) -> (Var ( "z[a8744b]" ) (((Con ( 
      "left" ) { #symVariable(4575) }) { #symExpr(4439) }) Var ( "a" )))) \ ( 
      Var ( "b" ) : #symVariable(4576) ) -> (Var ( "z[a8744b]" ) (((Con ( 
      "right" ) { #symExpr(4543) }) { #symVariable(4576) }) Var ( "b" )))))
    Fun ( "z_" ) |-> \ ( Var ( "A" ) : #symExpr(361) ) -> ( #symVariable(7) : 
      Var ( "A" ) ) -> Data ( "False" )
    Fun ( "za8743zb->z[a8744b]" ) |-> 'fc(((((#symFunClauses(4811) { DotP ( 
      #symExpr(4650) ) }) { DotP ( #symExpr(4772) ) }) ((((Con ( "_,_" ) { ( 
      #symVariable(4744) : #symExpr(4650) ) -> Data ( "False" ) }) { ( 
      #symVariable(4741) : #symExpr(4772) ) -> Data ( "False" ) }) Var ( "za" 
      )) Var ( "zb" ))) (((Con ( "left" ) { #symExpr(4650) }) { #symExpr(4772)
       }) Var ( "a" ))) = (Var ( "za" ) Var ( "a" )),, ((((#symFunClauses(4975
      ) { DotP ( #symExpr(4925) ) }) { DotP ( #symExpr(4814) ) }) ((((Con ( 
      "_,_" ) { ( #symVariable(4908) : #symExpr(4925) ) -> Data ( "False" ) })
       { ( #symVariable(4905) : #symExpr(4814) ) -> Data ( "False" ) }) Var ( 
      "za" )) Var ( "zb" ))) (((Con ( "right" ) { #symExpr(4925) }) { #symExpr
      (4814) }) Var ( "b" ))) = (Var ( "zb" ) Var ( "b" )))
    Fun ( "za8744zb->z[a8743b]" ) |-> 'fc(((((#symFunClauses(5168) { DotP ( 
      #symExpr(5014) ) }) { DotP ( #symExpr(5015) ) }) (((Con ( "left" ) { ( 
      #symVariable(5095) : #symExpr(5014) ) -> Data ( "False" ) }) { ( 
      #symVariable(5092) : #symExpr(5015) ) -> Data ( "False" ) }) Var ( "za" 
      ))) ((((Con ( "_,_" ) { #symExpr(5014) }) { #symExpr(5015) }) Var ( "a" 
      )) Var ( "b" ))) = (Var ( "za" ) Var ( "a" )),, ((((#symFunClauses(5324)
       { DotP ( #symExpr(5170) ) }) { DotP ( #symExpr(5171) ) }) (((Con ( 
      "right" ) { ( #symVariable(5251) : #symExpr(5170) ) -> Data ( "False" ) 
      }) { ( #symVariable(5248) : #symExpr(5171) ) -> Data ( "False" ) }) Var 
      ( "zb" ))) ((((Con ( "_,_" ) { #symExpr(5170) }) { #symExpr(5171) }) Var
       ( "a" )) Var ( "b" ))) = (Var ( "zb" ) Var ( "b" )))
</fun>
