<k>
    .K
</k>
<mgu>
    subst(.KList)
</mgu>
<ctx-stack>
    .List
</ctx-stack>
<sig>
    Fun ( "_*_" ) |-> ( #symVariable(47) : Data ( "8469" ) ) -> ( 
      #symVariable(48) : Data ( "8469" ) ) -> Data ( "8469" )
    Fun ( "_+_" ) |-> ( #symVariable(4) : Data ( "8469" ) ) -> ( #symVariable(
      5) : Data ( "8469" ) ) -> Data ( "8469" )
    Data ( "8469" ) |-> Set ( 0 )
    Con ( "S" ) |-> ( #symVariable(3) : Data ( "8469" ) ) -> Data ( "8469" )
    Con ( "Z" ) |-> Data ( "8469" )
</sig>
<ctx>
    .Map
</ctx>
<meta>
    .Map
</meta>
<ncat>
    Name ( "8469" ) |-> Data ( "8469" )
    Name ( "S" ) |-> Con ( "S" )
    Name ( "Z" ) |-> Con ( "Z" )
    Name ( "_*_" ) |-> Fun ( "_*_" )
    Name ( "_+_" ) |-> Fun ( "_+_" )
</ncat>
<fun>
    Fun ( "_*_" ) |-> 'fc(((#symFunClauses(60) Var ( "n" )) Con ( "Z" )) =
       Con ( "Z" ),, ((#symFunClauses(93) Var ( "n" )) (Con ( "S" ) Var ( "m" 
      ))) = ((Fun ( "_+_" ) ((Fun ( "_*_" ) Var ( "n" )) Var ( "m" ))) Var ( 
      "n" )))
    Fun ( "_+_" ) |-> 'fc(((#symFunClauses(17) Var ( "n" )) Con ( "Z" )) = Var
       ( "n" ),, ((#symFunClauses(46) Var ( "n" )) (Con ( "S" ) Var ( "m" ))) 
      = (Con ( "S" ) ((Fun ( "_+_" ) Var ( "n" )) Var ( "m" ))))
</fun>
