<k>
    .K
</k>
<mgu>
    subst(.KList)
</mgu>
<ctx-stack>
    .List
</ctx-stack>
<sig>
    Fun ( "t" ) |-> ( #symVariable(2) : Set ( 0 ) ) -> Set ( 0 )
</sig>
<ctx>
    .Map
</ctx>
<meta>
    .Map
</meta>
<ncat>
    Name ( "t" ) |-> Fun ( "t" )
</ncat>
<fun>
    Fun ( "t" ) |-> \ ( Var ( "x" ) : #symExpr(9) ) -> Var ( "x" )
</fun>
