<k>
    nf ( ((((Con ( "_::_" ) { Data ( "Nat" ) }) { (Con ( "suc" ) Con ( "zero" 
      )) }) (Con ( "suc" ) (Con ( "suc" ) (Con ( "suc" ) Con ( "zero" ))))) ((
      ((Con ( "_::_" ) { Data ( "Nat" ) }) { Con ( "zero" ) }) (Con ( "suc" ) 
      (Con ( "suc" ) (Con ( "suc" ) (Con ( "suc" ) (Con ( "suc" ) (Con ( "suc"
       ) (Con ( "suc" ) Con ( "zero" ))))))))) (Con ( "[]" ) { Data ( "Nat" ) 
      }))) )
</k>
<dbg>
    0
</dbg>
<mgu>
    subst(.KList)
</mgu>
<ctx-stack>
    .List
</ctx-stack>
<sig>
    Name ( "true8800false" ) |-> ( #symVariable(2674) : (((Data ( "_==_" ) { 
      Data ( "Bool" ) }) Con ( "true" )) Con ( "false" )) ) -> Data ( "False" 
      )
    Fun ( "_*_" ) |-> ( #symVariable(61) : Data ( "Nat" ) ) -> ( #symVariable(
      62) : Data ( "Nat" ) ) -> Data ( "Nat" )
    Fun ( "_++_" ) |-> { #symVariable(895) : Set ( 0 ) } -> { #symVariable(893
      ) : Data ( "Nat" ) } -> { #symVariable(894) : Data ( "Nat" ) } -> ( 
      #symVariable(891) : ((Data ( "Vec" ) #symVariable(895)) #symVariable(893
      )) ) -> ( #symVariable(892) : ((Data ( "Vec" ) #symVariable(895)) 
      #symVariable(894)) ) -> ((Data ( "Vec" ) #symVariable(895)) ((Fun ( 
      "_+_" ) #symVariable(893)) #symVariable(894)))
    Fun ( "_+_" ) |-> ( #symVariable(18) : Data ( "Nat" ) ) -> ( #symVariable(
      19) : Data ( "Nat" ) ) -> Data ( "Nat" )
    Fun ( "_8800_" ) |-> { #symVariable(2612) : Set ( 0 ) } -> ( #symVariable(
      2610) : #symVariable(2612) ) -> ( #symVariable(2611) : #symVariable(2612
      ) ) -> Set ( 0 )
    Fun ( "head" ) |-> { #symVariable(157) : Set ( 0 ) } -> { #symVariable(156
      ) : Data ( "Nat" ) } -> ( #symVariable(155) : ((Data ( "Vec" ) 
      #symVariable(157)) (Con ( "suc" ) #symVariable(156))) ) -> #symVariable(
      157)
    Fun ( "map" ) |-> { #symVariable(274) : Set ( 0 ) } -> { #symVariable(273)
       : Set ( 0 ) } -> { #symVariable(272) : Data ( "Nat" ) } -> ( 
      #symVariable(269) : ( #symVariable(271) : #symVariable(274) ) -> 
      #symVariable(273) ) -> ( #symVariable(270) : ((Data ( "Vec" ) 
      #symVariable(274)) #symVariable(272)) ) -> ((Data ( "Vec" ) #symVariable
      (273)) #symVariable(272))
    Fun ( "map'" ) |-> { #symVariable(2313) : Set ( 0 ) } -> { #symVariable(
      2312) : Set ( 0 ) } -> ( #symVariable(2311) : Data ( "Nat" ) ) -> ( 
      #symVariable(2308) : ( #symVariable(2310) : #symVariable(2313) ) -> 
      #symVariable(2312) ) -> ( #symVariable(2309) : ((Data ( "Vec" ) 
      #symVariable(2313)) #symVariable(2311)) ) -> ((Data ( "Vec" ) 
      #symVariable(2312)) #symVariable(2311))
    Fun ( "t1" ) |-> ((Data ( "Vec" ) Data ( "Nat" )) (Con ( "suc" ) (Con ( 
      "suc" ) Con ( "zero" ))))
    Fun ( "z_" ) |-> ( #symVariable(2598) : Set ( 0 ) ) -> Set ( 0 )
    Data ( "Bool" ) |-> Set ( 0 )
    Data ( "False" ) |-> Set ( 0 )
    Data ( "Nat" ) |-> Set ( 0 )
    Data ( "Vec" ) |-> ( #symVariable(109) : Set ( 0 ) ) -> ( #symVariable(108
      ) : Data ( "Nat" ) ) -> Set ( 0 )
    Data ( "_==_" ) |-> { #symVariable(2578) : Set ( 0 ) } -> ( #symVariable(
      2577) : #symVariable(2578) ) -> ( #symVariable(2576) : #symVariable(2578
      ) ) -> Set ( 0 )
    Con ( "[]" ) |-> { #symVariable(118) : Set ( 0 ) } -> ((Data ( "Vec" ) 
      #symVariable(118)) Con ( "zero" ))
    Con ( "_::_" ) |-> { #symVariable(142) : Set ( 0 ) } -> { #symVariable(141
      ) : Data ( "Nat" ) } -> ( #symVariable(139) : #symVariable(142) ) -> ( 
      #symVariable(140) : ((Data ( "Vec" ) #symVariable(142)) #symVariable(141
      )) ) -> ((Data ( "Vec" ) #symVariable(142)) (Con ( "suc" ) #symVariable(
      141)))
    Con ( "false" ) |-> Data ( "Bool" )
    Con ( "refl" ) |-> { #symVariable(2597) : Set ( 0 ) } -> { #symVariable(
      2596) : #symVariable(2597) } -> (((Data ( "_==_" ) { #symVariable(2597) 
      }) #symVariable(2596)) #symVariable(2596))
    Con ( "suc" ) |-> ( #symVariable(17) : Data ( "Nat" ) ) -> Data ( "Nat" )
    Con ( "true" ) |-> Data ( "Bool" )
    Con ( "zero" ) |-> Data ( "Nat" )
</sig>
<ctx>
    .Map
</ctx>
<meta>
    #symExpr(2663) |-> t ( Data ( "Bool" ) , Set ( 0 ) )
</meta>
<ncat>
    Name ( "Bool" ) |-> Data ( "Bool" )
    Name ( "False" ) |-> Data ( "False" )
    Name ( "Nat" ) |-> Data ( "Nat" )
    Name ( "Vec" ) |-> Data ( "Vec" )
    Name ( "[]" ) |-> Con ( "[]" )
    Name ( "_*_" ) |-> Fun ( "_*_" )
    Name ( "_++_" ) |-> Fun ( "_++_" )
    Name ( "_+_" ) |-> Fun ( "_+_" )
    Name ( "_8800_" ) |-> Fun ( "_8800_" )
    Name ( "_::_" ) |-> Con ( "_::_" )
    Name ( "_==_" ) |-> Data ( "_==_" )
    Name ( "false" ) |-> Con ( "false" )
    Name ( "head" ) |-> Fun ( "head" )
    Name ( "map" ) |-> Fun ( "map" )
    Name ( "map'" ) |-> Fun ( "map'" )
    Name ( "refl" ) |-> Con ( "refl" )
    Name ( "suc" ) |-> Con ( "suc" )
    Name ( "t1" ) |-> Fun ( "t1" )
    Name ( "true" ) |-> Con ( "true" )
    Name ( "z_" ) |-> Fun ( "z_" )
    Name ( "zero" ) |-> Con ( "zero" )
</ncat>
<fun>
    Fun ( "_*_" ) |-> 'fc(((#symFunClauses(74) Con ( "zero" )) Var ( "m" )) = 
      Con ( "zero" ),, ((#symFunClauses(107) (Con ( "suc" ) Var ( "n" ))) Var 
      ( "m" )) = ((Fun ( "_+_" ) Var ( "m" )) ((Fun ( "_*_" ) Var ( "n" )) Var
       ( "m" ))))
    Fun ( "_++_" ) |-> 'fc((((((#symFunClauses(1210) { (DotP ( #symVariable(
      971) )) }) { Con ( "zero" ) }) { #symVariable(972) }) (Con ( "[]" ) { 
      #symVariable(971) })) Var ( "ys" )) = Var ( "ys" ),, (((((#symFunClauses
      (2291) { (DotP ( #symVariable(1424) )) }) { (Con ( "suc" ) 'DotP(
      #symExpr(1239))) }) { #symVariable(1425) }) ((((Con ( "_::_" ) { 
      #symVariable(1424) }) { #symExpr(1239) }) Var ( "x" )) Var ( "xs" ))) 
      Var ( "ys" )) = ((((Con ( "_::_" ) { #symVariable(1424) }) { ((Fun ( 
      "_+_" ) #symExpr(1239)) #symVariable(1425)) }) Var ( "x" )) (((((Fun ( 
      "_++_" ) { #symVariable(1424) }) { #symExpr(1239) }) { #symVariable(1425
      ) }) Var ( "xs" )) Var ( "ys" ))))
    Fun ( "_+_" ) |-> 'fc(((#symFunClauses(31) Con ( "zero" )) Var ( "m" )) = 
      Var ( "m" ),, ((#symFunClauses(60) (Con ( "suc" ) Var ( "n" ))) Var ( 
      "m" )) = (Con ( "suc" ) ((Fun ( "_+_" ) Var ( "n" )) Var ( "m" ))))
    Fun ( "_8800_" ) |-> 'fc((((#symFunClauses(2656) { #symExpr(2614) }) Var (
       "x" )) Var ( "y" )) = (Fun ( "z_" ) (((Data ( "_==_" ) { #symExpr(2614)
       }) Var ( "x" )) Var ( "y" ))))
    Fun ( "head" ) |-> 'fc((((#symFunClauses(252) { (DotP ( #symVariable(249) 
      )) }) { (DotP ( #symExpr(182) )) }) ((((Con ( "_::_" ) { #symVariable(
      249) }) { #symExpr(182) }) Var ( "x" )) #symExpr(190))) = Var ( "x" ))
    Fun ( "map" ) |-> 'fc((((((#symFunClauses(369) { (DotP ( #symExpr(348) )) 
      }) { #symVariable(364) }) { Con ( "zero" ) }) Var ( "f" )) (Con ( "[]" )
       { #symExpr(348) })) = (Con ( "[]" ) { #symVariable(364) }),, (((((
      #symFunClauses(565) { (DotP ( #symExpr(371) )) }) { #symVariable(560) })
       { (Con ( "suc" ) 'DotP(#symExpr(444))) }) Var ( "f" )) ((((Con ( "_::_"
       ) { #symExpr(371) }) { #symExpr(444) }) Var ( "x" )) Var ( "xs" ))) = (
      (((Con ( "_::_" ) { #symVariable(560) }) { #symExpr(444) }) (Var ( "f" )
       Var ( "x" ))) (((((Fun ( "map" ) { #symExpr(371) }) { #symVariable(560)
       }) { #symExpr(444) }) Var ( "f" )) Var ( "xs" ))))
    Fun ( "map'" ) |-> 'fc((((((#symFunClauses(2394) { (DotP ( #symExpr(2373) 
      )) }) { #symVariable(2389) }) 'DotP(Con ( "zero" ))) Var ( "f" )) (Con (
       "[]" ) { #symExpr(2373) })) = (Con ( "[]" ) { #symVariable(2389) }),, (
      ((((#symFunClauses(2575) { (DotP ( #symExpr(2396) )) }) { #symVariable(
      2570) }) 'DotP((Con ( "suc" ) #symExpr(2469)))) Var ( "f" )) ((((Con ( 
      "_::_" ) { #symExpr(2396) }) { #symExpr(2469) }) Var ( "x" )) Var ( "xs"
       ))) = ((((Con ( "_::_" ) { #symVariable(2570) }) { #symExpr(2469) }) (
      Var ( "f" ) Var ( "x" ))) (((((Fun ( "map'" ) { #symExpr(2396) }) { 
      #symVariable(2570) }) #symExpr(2469)) Var ( "f" )) Var ( "xs" ))))
    Fun ( "t1" ) |-> (((((Fun ( "map" ) { Data ( "Nat" ) }) { Data ( "Nat" ) }
      ) { (Con ( "suc" ) (Con ( "suc" ) Con ( "zero" ))) }) (Fun ( "_+_" ) < 
      Fun ( "three" ) , Fun ( "three" ) |-> Data ( "Nat" ) , Fun ( "three" )
       |-> (Con ( "suc" ) (Con ( "suc" ) (Con ( "suc" ) Con ( "zero" )))) >)) 
      ((((Con ( "_::_" ) { Data ( "Nat" ) }) { (Con ( "suc" ) Con ( "zero" )) 
      }) Con ( "zero" )) ((((Con ( "_::_" ) { Data ( "Nat" ) }) { Con ( "zero"
       ) }) (Con ( "suc" ) < Fun ( "three" ) , Fun ( "three" ) |-> Data ( 
      "Nat" ) , Fun ( "three" ) |-> (Con ( "suc" ) (Con ( "suc" ) (Con ( "suc"
       ) Con ( "zero" )))) >)) (Con ( "[]" ) { Data ( "Nat" ) }))))
    Fun ( "z_" ) |-> \ ( Var ( "A" ) : #symExpr(2606) ) -> ( #symVariable(2605
      ) : Var ( "A" ) ) -> Data ( "False" )
</fun>
