<k>
    .K
</k>
<mgu>
    subst(.KList)
</mgu>
<ctx-stack>
    .List
</ctx-stack>
<sig>
    Fun ( "id8" ) |-> { #symVariable(3) : Set ( 0 ) } -> ( #symVariable(2) : 
      #symVariable(3) ) -> #symVariable(3)
</sig>
<ctx>
    .Map
</ctx>
<meta>
    .Map
</meta>
<ncat>
    Name ( "id8" ) |-> Fun ( "id8" )
</ncat>
<fun>
    Fun ( "id8" ) |-> 'fc((#symFunClauses(28) { #symVariable(24) }) = (\ { 
      #symVariable(27) : #symExpr(20) } -> \ ( #symVariable(26) : #symVariable
      (24) ) -> #symVariable(26) { #symExpr(19) }))
</fun>
