<k>
    .K
</k>
<mgu>
    subst(.KList)
</mgu>
<ctx-stack>
    .List
</ctx-stack>
<sig>
    Fun ( "four" ) |-> Data ( "Nat" )
    Fun ( "id" ) |-> { #symVariable(75) : Set ( 0 ) } -> ( #symVariable(74) : 
      #symVariable(75) ) -> #symVariable(75)
    Fun ( "id'" ) |-> ( #symVariable(4) : Set ( 0 ) ) -> ( #symVariable(3) : 
      #symVariable(4) ) -> #symVariable(4)
    Fun ( "id0" ) |-> ( #symVariable(149) : Set ( 0 ) ) -> ( #symVariable(148)
       : #symVariable(149) ) -> #symVariable(149)
    Fun ( "id1" ) |-> ( #symVariable(169) : Set ( 0 ) ) -> ( #symVariable(168)
       : #symVariable(169) ) -> #symVariable(169)
    Fun ( "id2" ) |-> ( #symVariable(190) : Set ( 0 ) ) -> ( #symVariable(189)
       : #symVariable(190) ) -> #symVariable(190)
    Fun ( "id3" ) |-> ( Var ( "A" ) : Set ( 0 ) ) -> ( Var ( "x" ) : Var ( "A"
       ) ) -> Var ( "A" )
    Fun ( "id4" ) |-> { #symVariable(209) : Set ( 0 ) } -> ( #symVariable(208)
       : #symVariable(209) ) -> #symVariable(209)
    Fun ( "id5" ) |-> { #symVariable(227) : Set ( 0 ) } -> ( #symVariable(226)
       : #symVariable(227) ) -> #symVariable(227)
    Fun ( "id6" ) |-> { #symVariable(242) : Set ( 0 ) } -> ( #symVariable(241)
       : #symVariable(242) ) -> #symVariable(242)
    Fun ( "id7" ) |-> ( Var ( "x" ) : #symExpr(262) ) -> #symExpr(262)
    Fun ( "id8" ) |-> { #symVariable(273) : Set ( 0 ) } -> ( #symVariable(272)
       : #symVariable(273) ) -> #symVariable(273)
    Fun ( "one" ) |-> Data ( "Nat" )
    Fun ( "three" ) |-> Data ( "Nat" )
    Fun ( "two" ) |-> Data ( "Nat" )
    Fun ( "zero0" ) |-> Data ( "Nat" )
    Fun ( "zero1" ) |-> Data ( "Nat" )
    Fun ( "zero2" ) |-> Data ( "Nat" )
    Fun ( "zero3" ) |-> Data ( "Nat" )
    Fun ( "zero4" ) |-> Data ( "Nat" )
    Data ( "Nat" ) |-> Set ( 0 )
    Con ( "suc" ) |-> ( #symVariable(23) : Data ( "Nat" ) ) -> Data ( "Nat" )
    Con ( "zero" ) |-> Data ( "Nat" )
</sig>
<ctx>
    .Map
</ctx>
<meta>
    .Map
</meta>
<ncat>
    Name ( "Nat" ) |-> Data ( "Nat" )
    Name ( "four" ) |-> Fun ( "four" )
    Name ( "id" ) |-> Fun ( "id" )
    Name ( "id'" ) |-> Fun ( "id'" )
    Name ( "id0" ) |-> Fun ( "id0" )
    Name ( "id1" ) |-> Fun ( "id1" )
    Name ( "id2" ) |-> Fun ( "id2" )
    Name ( "id3" ) |-> Fun ( "id3" )
    Name ( "id4" ) |-> Fun ( "id4" )
    Name ( "id5" ) |-> Fun ( "id5" )
    Name ( "id6" ) |-> Fun ( "id6" )
    Name ( "id7" ) |-> Fun ( "id7" )
    Name ( "id8" ) |-> Fun ( "id8" )
    Name ( "one" ) |-> Fun ( "one" )
    Name ( "suc" ) |-> Con ( "suc" )
    Name ( "three" ) |-> Fun ( "three" )
    Name ( "two" ) |-> Fun ( "two" )
    Name ( "zero" ) |-> Con ( "zero" )
    Name ( "zero0" ) |-> Fun ( "zero0" )
    Name ( "zero1" ) |-> Fun ( "zero1" )
    Name ( "zero2" ) |-> Fun ( "zero2" )
    Name ( "zero3" ) |-> Fun ( "zero3" )
    Name ( "zero4" ) |-> Fun ( "zero4" )
</ncat>
<fun>
    Fun ( "four" ) |-> ((Fun ( "id" ) { Data ( "Nat" ) }) (Con ( "suc" ) Fun (
       "three" )))
    Fun ( "id" ) |-> 'fc(((#symFunClauses(91) { #symVariable(89) }) Var ( "x" 
      )) = Var ( "x" ))
    Fun ( "id'" ) |-> \ ( Var ( "A" ) : #symExpr(17) ) -> \ ( Var ( "x" ) : 
      #symExpr(20) ) -> Var ( "x" )
    Fun ( "id0" ) |-> \ ( Var ( "A" ) : #symExpr(162) ) -> \ ( Var ( "x" ) : 
      #symExpr(165) ) -> Var ( "x" )
    Fun ( "id1" ) |-> \ ( #symExpr(170) : #symExpr(183) ) -> \ ( Var ( "x" ) :
       #symExpr(186) ) -> Var ( "x" )
    Fun ( "id2" ) |-> \ ( #symVariable(202) : Set ( 0 ) ) -> \ ( #symVariable(
      201) : Var ( "A" ) ) -> #symVariable(201)
    Fun ( "id3" ) |-> \ ( #symVariable(207) : Set ( 0 ) ) -> \ ( #symVariable(
      206) : #symVariable(207) ) -> #symVariable(206)
    Fun ( "id4" ) |-> 'fc(((#symFunClauses(225) { #symVariable(223) }) Var ( 
      "x" )) = Var ( "x" ))
    Fun ( "id5" ) |-> 'fc(((#symFunClauses(240) { Var ( "A" ) }) Var ( "x" )) 
      = Var ( "x" ))
    Fun ( "id6" ) |-> 'fc((#symFunClauses(258) { #symVariable(255) }) = \ ( 
      #symVariable(257) : #symVariable(255) ) -> #symVariable(257))
    Fun ( "id7" ) |-> (\ { #symVariable(268) : Set ( 0 ) } -> \ ( #symVariable
      (267) : #symVariable(268) ) -> #symVariable(267) { #symExpr(262) })
    Fun ( "id8" ) |-> 'fc((#symFunClauses(298) { #symVariable(294) }) = (\ { 
      #symVariable(297) : #symExpr(290) } -> \ ( #symVariable(296) : 
      #symVariable(294) ) -> #symVariable(296) { #symExpr(289) }))
    Fun ( "one" ) |-> ((Fun ( "id'" ) Data ( "Nat" )) (Con ( "suc" ) Con ( 
      "zero" )))
    Fun ( "three" ) |-> ((Fun ( "id" ) { Data ( "Nat" ) }) (Con ( "suc" ) Fun 
      ( "two" )))
    Fun ( "two" ) |-> ((Fun ( "id'" ) Data ( "Nat" )) (Con ( "suc" ) Fun ( 
      "one" )))
    Fun ( "zero0" ) |-> ((Fun ( "id0" ) Data ( "Nat" )) Con ( "zero" ))
    Fun ( "zero1" ) |-> ((Fun ( "id0" ) Data ( "Nat" )) Con ( "zero" ))
    Fun ( "zero2" ) |-> ((Fun ( "id4" ) { Data ( "Nat" ) }) Con ( "zero" ))
    Fun ( "zero3" ) |-> ((Fun ( "id4" ) { Data ( "Nat" ) }) Con ( "zero" ))
    Fun ( "zero4" ) |-> ((Fun ( "id4" ) { Data ( "Nat" ) }) Con ( "zero" ))
</fun>
