<k>
    .K
</k>
<mgu>
    subst(.KList)
</mgu>
<ctx-stack>
    .List
</ctx-stack>
<sig>
    Fun ( "one" ) |-> Data ( "Nat" )
    Data ( "Nat" ) |-> Set ( 0 )
    Con ( "suc" ) |-> ( #symVariable(2) : Data ( "Nat" ) ) -> Data ( "Nat" )
    Con ( "zero" ) |-> Data ( "Nat" )
</sig>
<ctx>
    .Map
</ctx>
<meta>
    .Map
</meta>
<ncat>
    Name ( "Nat" ) |-> Data ( "Nat" )
    Name ( "one" ) |-> Fun ( "one" )
    Name ( "suc" ) |-> Con ( "suc" )
    Name ( "zero" ) |-> Con ( "zero" )
</ncat>
<fun>
    Fun ( "one" ) |-> (Con ( "suc" ) Con ( "zero" ))
</fun>
