<T>
    <k>
        .K
    </k>
    <mgu>
        subst(.KList)
    </mgu>
    <tenv>
        expr |-> Test
    </tenv>
    <data>
        Constr |-> 'Pi___(x,, Set 1,, Test)
        Test |-> Set 0
    </data>
    <fun>
        expr |->  Constr Set 0 
    </fun>
    <meta>
        .Map
    </meta>
</T>
