<dbg>
    ListItem((Pi n #symVariable(1) Set 0))
    ListItem((Pi n #symVariable(29) Set 0))
    ListItem((Pi k Nat (Pi x #symVariable(35) (Pi xs Vect #symVariable(35) k 
      Vect #symVariable(35) Succ k))))
    ListItem((Pi x Wrap Top T (Pi xs Vect Wrap Top T #symVariable(38) Vect 
      Wrap Top T Succ #symVariable(38))))
    ListItem((Pi n #symVariable(41) Wrap #symVariable(41) n))
    ListItem( Wrap Top #symVariable(44) )
    ListItem((Pi n #symVariable(50) Set 0))
    ListItem( Vect #symVariable(56) Zero )
</dbg>
<T>
    <k>
        .K
    </k>
    <mgu>
        subst(.KList)
    </mgu>
    <data>
        Nat |-> Set 0
        Succ |-> (Pi x Nat Nat)
        T |-> Top
        Top |-> Set 0
        Vcons |-> (Pi a Set 0 (Pi k Nat (Pi x a (Pi xs Vect a k Vect a Succ k)
          )))
        Vect |-> (Pi a Set 0 (Pi x Nat Set 0))
        Vnil |-> (Pi a Set 0 Vect a Zero)
        W |-> (Pi a Set 0 (Pi n a Wrap a n))
        Wrap |-> (Pi a Set 0 (Pi n a Set 0))
        Zero |-> Nat
    </data>
    <meta>
        .Map
    </meta>
    <fun>
        expr |->  Vcons  Wrap Top T  Zero  W Top T   Vnil  Wrap Top T   
          
    </fun>
    <tenv>
        expr |->  Vect  Wrap Top T   Succ Zero  
    </tenv>
</T>
