<T>
    <k>
        .K
    </k>
    <mgu>
        subst(.KList)
    </mgu>
    <tenv>
        expr |-> Set 1
    </tenv>
    <data>
        .Map
    </data>
    <fun>
        expr |-> Set 0
    </fun>
    <meta>
        .Map
    </meta>
</T>
