<T>
    <k>
        .K
    </k>
    <mgu>
        subst(.KList)
    </mgu>
    <tenv>
        expr |-> 'Pi___(x,, Set 2,, Set 2)
    </tenv>
    <data>
        .Map
    </data>
    <fun>
        expr |-> lambda ( closure ( x , x , .Map ) )
    </fun>
    <meta>
        .Map
    </meta>
</T>
