<T>
    <k>
        .K
    </k>
    <mgu>
        subst(.KList)
    </mgu>
    <tenv>
        expr |-> Set 5
    </tenv>
    <data>
        .Map
    </data>
    <fun>
        expr |-> (Pi x Set 2 Set 4)
    </fun>
    <meta>
        .Map
    </meta>
</T>
