<T>
    <k>
        .K
    </k>
    <mgu>
        subst(.KList)
    </mgu>
    <tenv>
        f |-> 'Pi___(x,, Set 0,, Set 0)
        s |-> Set 1
    </tenv>
    <data>
        .Map
    </data>
    <fun>
        f |-> lambda ( closure ( x , x , s |-> Set 0 ) )
        s |-> Set 0
    </fun>
    <meta>
        .Map
    </meta>
</T>
