<dbg>
    .List
</dbg>
<T>
    <k>
        ( s True , #symExpr(4) ) = ( Bool , Set 0 ) ~> funDecl ( s , .Map 
          ) ~> s False = T ~> f = (Lambda x s True x) ~> g =  f True  ~> h =  
          f E 
    </k>
    <mgu>
        subst(.KList)
    </mgu>
    <data>
        Bool |-> Set 0
        E |-> T
        False |-> Bool
        T |-> Set 0
        True |-> Bool
    </data>
    <meta>
        .Map
    </meta>
    <fun>
        .Map
    </fun>
    <tenv>
        s |-> (Pi #symVariable(2) Bool #symExpr(4))
    </tenv>
</T>
