<dbg>
    ListItem((Pi y  s x   s x ))
    ListItem((Pi y fun ( ListItem(True -> Bool) ListItem(False -> T) ) 
      #symVariable(13) fun ( ListItem(True -> Bool) ListItem(False -> T) ) 
      #symVariable(13)))
    ListItem((Pi y fun ( ListItem(True -> Bool) ListItem(False -> T) ) 
      #symVariable(20) fun ( ListItem(True -> Bool) ListItem(False -> T) ) 
      #symVariable(20)))
</dbg>
<T>
    <k>
        .K
    </k>
    <mgu>
        subst(.KList)
    </mgu>
    <data>
        Bool |-> Set 0
        E |-> T
        False |-> Bool
        T |-> Set 0
        True |-> Bool
    </data>
    <meta>
        .Map
    </meta>
    <fun>
        f2 |-> ((Lambda x Bool (Lambda y  s x  y)) @ s |-> (fun ( 
          ListItem(True -> Bool) ListItem(False -> T) ) @ .Map))
        g |->   f2 True  True 
        h |->   f2 False  E 
        s |-> (fun ( ListItem(True -> Bool) ListItem(False -> T) ) @ .Map)
          
    </fun>
    <tenv>
        f2 |-> (Pi x Bool (Pi y fun ( ListItem(True -> Bool) ListItem(
          False -> T) ) x fun ( ListItem(True -> Bool) ListItem(False -> T) ) 
          x))
        g |-> Bool
        h |-> T
        s |-> (Pi #symVariable(5) Bool Set 0)
    </tenv>
</T>
