<k>
    nf2 ( ( (Lambda x Set 0 x) , (Pi x Set 0 Set 0) ) )
</k>
<mgu>
    subst(.KList)
</mgu>
<tenv>
    .Map
</tenv>
<data>
    .Map
</data>
<meta>
    .Map
</meta>
