<T>
    <k>
        .K
    </k>
    <mgu>
        subst(.KList)
    </mgu>
    <tenv>
        expr |-> Nat
    </tenv>
    <data>
        Nat |-> Set 0
        Succ |-> (Pi x Nat Nat)
        Zero |-> Nat
    </data>
    <fun>
        expr |-> (((Lambda a Set 0 (Lambda x a x)) #symExpr(2)) Zero)
    </fun>
    <meta>
        #symExpr(2) |-> ( Nat , Set 0 )
    </meta>
</T>
